<html>
<body>
<pre>
<h1>µVision Build Log</h1>
<h2>Project:</h2>
D:\KEIL.PRJ\STM_PROG_C2_SILABS\STM_PROG_C2_SILABS_V2\STM_PROG_C2_SILABS_V2.uvproj
Project File Date:  04/13/2021

<h2>Output:</h2>
Build target 'Target 1'
compiling main_loop.c...
linking...
Program Size: Code=16924 RO-data=1376 RW-data=316 ZI-data=1548  
FromELF: creating hex file...
".\OBJ\STM_PROG_C2_SILABS_V2.axf" - 0 Error(s), 0 Warning(s).
Load "D:\\KEIL.PRJ\\STM_PROG_C2_SILABS\\STM_PROG_C2_SILABS_V2\\OBJ\\STM_PROG_C2_SILABS_V2.axf" 
Erase Done.
Programming Done.
Verify OK.
</pre>
</body>
</html>
ramming Done.
Verify OK.
